Failed executions
